{
  "parent": null,
  "children": [],
  "title": "single.md",
  "path": "src/test/resources/input/xdean/markdown/reader/MarkNodeReaderTest/testRead/single.md"
}